// Jest Snapshot v1, https://goo.gl/fbAQLP

exports[`Header renders correctly 1`] = `
<styled.header>
  <div>
    âŒ›
  </div>
  <h1>
    Countdown Clock
  </h1>
</styled.header>
`;
