// Jest Snapshot v1, https://goo.gl/fbAQLP

exports[`Footer renders correctly 1`] = `
<styled.footer>
  <img
    alt="Company logo"
    height="35"
    src="koala-logo.png"
  />
</styled.footer>
`;
